// Jest Snapshot v1, https://goo.gl/fbAQLP

exports[`Redux Actions - Unit Tests snapshot redux action test 1`] = `
Object {
  "payload": true,
  "type": "app/SET_OFFLINE_MODE",
}
`;

exports[`Redux Actions - Unit Tests snapshot redux action test 2`] = `
Object {
  "payload": false,
  "type": "app/SET_OFFLINE_MODE",
}
`;

exports[`Redux Actions - Unit Tests snapshot redux action thunk test 1`] = `[Function]`;

exports[`Redux Reducers - Unit Tests snapshot redux reducer action test 1`] = `
Object {
  "areaCountryTooltipSeen": false,
  "areaDownloadTooltipSeen": false,
  "coordinatesFormat": "decimal",
  "hasMigratedV1Files": true,
  "hasSeenWelcomeScreen": false,
  "isUpdate": false,
  "language": "en",
  "mapWalkthroughSeen": false,
  "offlineMode": false,
  "pristineCacheTooltip": true,
  "reduxVersion": 3,
  "synced": true,
  "version": "2.1.0",
  "welcomeSeenVersion": null,
}
`;

exports[`Redux Reducers - Unit Tests snapshot redux reducer initial state test 1`] = `
Object {
  "areaCountryTooltipSeen": false,
  "areaDownloadTooltipSeen": false,
  "coordinatesFormat": "decimal",
  "hasMigratedV1Files": true,
  "hasSeenWelcomeScreen": false,
  "isUpdate": false,
  "language": "en",
  "mapWalkthroughSeen": false,
  "offlineMode": false,
  "pristineCacheTooltip": true,
  "reduxVersion": 3,
  "synced": false,
  "version": "2.1.0",
  "welcomeSeenVersion": null,
}
`;

exports[`Redux Reducers - Unit Tests snapshot redux reducer multiple action test 1`] = `
Object {
  "areaCountryTooltipSeen": false,
  "areaDownloadTooltipSeen": false,
  "coordinatesFormat": "decimal",
  "hasMigratedV1Files": true,
  "hasSeenWelcomeScreen": false,
  "isUpdate": false,
  "language": "en",
  "mapWalkthroughSeen": false,
  "offlineMode": false,
  "pristineCacheTooltip": true,
  "reduxVersion": 3,
  "synced": true,
  "version": "2.1.0",
  "welcomeSeenVersion": null,
}
`;

exports[`Redux Reducers - Unit Tests snapshot redux reducer multiple action test 2`] = `
Object {
  "areaCountryTooltipSeen": false,
  "areaDownloadTooltipSeen": false,
  "coordinatesFormat": "decimal",
  "hasMigratedV1Files": true,
  "hasSeenWelcomeScreen": false,
  "isUpdate": false,
  "language": "en",
  "mapWalkthroughSeen": false,
  "offlineMode": true,
  "pristineCacheTooltip": true,
  "reduxVersion": 3,
  "synced": true,
  "version": "2.1.0",
  "welcomeSeenVersion": null,
}
`;

exports[`Unit Tests snapshot runs 1`] = `
Object {
  "hello": true,
  "number": 232,
}
`;
